// Jest Snapshot v1, https://goo.gl/fbAQLP

exports[`IndexPage matches snapshot 1`] = `
<DocumentFragment>
  <div
    class="container"
  >
    <div
      class="row"
    >
      <header>
        <nav
          class="navbar navbar-expand-lg navbar-light bg-light fixed-top"
        >
          <a
            class="navbar-brand"
            href="#"
          >
            Home
          </a>
        </nav>
      </header>
    </div>
    <div
      class="row"
      style="margin-top: 56px;"
    >
      <main>
        <div
          class="text-gray"
        >
          Next.js TypeScript + ESLint + Jest + react-bootstrap
        </div>
      </main>
    </div>
  </div>
</DocumentFragment>
`;
